------------------------------------------------------------
Client connecting to 192.168.10.100, TCP port 5001
TCP window size: 85.3 KByte (default)
------------------------------------------------------------
[  1] local 192.168.10.10 port 35086 connected with 192.168.10.100 port 5001
[ ID] Interval       Transfer     Bandwidth
[  1] 0.0000-1.0000 sec  1.63 MBytes  13.6 Mbits/sec
[  1] 1.0000-2.0000 sec  1.25 MBytes  10.5 Mbits/sec
[  1] 2.0000-3.0000 sec  1.75 MBytes  14.7 Mbits/sec
[  1] 3.0000-4.0000 sec  1.12 MBytes  9.44 Mbits/sec
[  1] 4.0000-5.0000 sec  1.25 MBytes  10.5 Mbits/sec
[  1] 5.0000-6.0000 sec  1.48 MBytes  12.4 Mbits/sec
[  1] 6.0000-7.0000 sec  1.49 MBytes  12.5 Mbits/sec
[  1] 7.0000-8.0000 sec  1.43 MBytes  12.0 Mbits/sec
[  1] 8.0000-9.0000 sec  1.49 MBytes  12.5 Mbits/sec
[  1] 9.0000-10.0000 sec  1.49 MBytes  12.5 Mbits/sec
[  1] 10.0000-11.0000 sec  1.43 MBytes  12.0 Mbits/sec
[  1] 11.0000-12.0000 sec  1.49 MBytes  12.5 Mbits/sec
[  1] 12.0000-13.0000 sec   125 KBytes  1.02 Mbits/sec
[  1] 13.0000-14.0000 sec  0.000 Bytes  0.000 bits/sec
[  1] 14.0000-15.0000 sec  0.000 Bytes  0.000 bits/sec
[  1] 15.0000-16.0000 sec  0.000 Bytes  0.000 bits/sec
[  1] 16.0000-17.0000 sec  0.000 Bytes  0.000 bits/sec
[  1] 17.0000-18.0000 sec  0.000 Bytes  0.000 bits/sec
[  1] 18.0000-19.0000 sec  0.000 Bytes  0.000 bits/sec
[  1] 19.0000-20.0000 sec  0.000 Bytes  0.000 bits/sec
[  1] 20.0000-21.0000 sec  0.000 Bytes  0.000 bits/sec
[  1] 21.0000-22.0000 sec  0.000 Bytes  0.000 bits/sec
[  1] 22.0000-23.0000 sec  0.000 Bytes  0.000 bits/sec
[  1] 23.0000-24.0000 sec  0.000 Bytes  0.000 bits/sec
[  1] 24.0000-25.0000 sec  0.000 Bytes  0.000 bits/sec
[  1] 25.0000-26.0000 sec  0.000 Bytes  0.000 bits/sec
[  1] 26.0000-27.0000 sec  0.000 Bytes  0.000 bits/sec
[  1] 27.0000-28.0000 sec  0.000 Bytes  0.000 bits/sec
[  1] 28.0000-29.0000 sec  0.000 Bytes  0.000 bits/sec
[  1] 29.0000-30.0000 sec  0.000 Bytes  0.000 bits/sec
[  1] 30.0000-30.7359 sec   954 KBytes  10.6 Mbits/sec
[  1] 0.0000-30.7359 sec  18.4 MBytes  5.01 Mbits/sec
